// Jest Snapshot v1, https://goo.gl/fbAQLP

exports[`StatusCard testing StatusCard snapshot is ok 1`] = `
<div
  className="ant-card ant-card-bordered"
>
  <div
    className="ant-card-head"
    style={Object {}}
  >
    <div
      className="ant-card-head-wrapper"
    >
      <div
        className="ant-card-head-title"
      >
        Server Status
      </div>
    </div>
  </div>
  <div
    className="ant-card-body"
    style={Object {}}
  >
    <span>
      Loading data...
    </span>
  </div>
</div>
`;
